[11912:12080:0421/200059.045:WARNING:chrome_main_delegate.cc(745)] This is Chrome version 128.0.6613.138 (not a warning)
[11912:14952:0421/200059.185:ERROR:google_update_settings.cc(265)] Failed opening key Software\Chromium to set usagestats; result: 5
[11912:12080:0421/200059.289:WARNING:account_consistency_mode_manager.cc(77)] Desktop Identity Consistency cannot be enabled as no OAuth client ID and client secret have been configured.
[11912:12080:0421/200113.537:ERROR:browser_info_manager.cc(781)] Timeout of new browser info response for frame 6-EB55AAB31EC26D3A6F3EC61330E674D9 (has_rfh=1)
[11912:3496:0421/200113.592:ERROR:cast_crl.cc(443)] CRL - Verification failed.
[27164:15900:0421/200113.611:WARNING:frame_impl.cc(430)] virtual CefFrameImpl::SendProcessMessage sent to detached frame 5-E843227F943D1B20277BE766BFB55DDC will be ignored
[11912:12080:0421/200114.830:WARNING:page_discarding_helper.cc(138)] Discarding multiple pages with target (kb): 0
[11912:12080:0421/200119.838:WARNING:page_discarding_helper.cc(138)] Discarding multiple pages with target (kb): 0
[11912:12080:0421/200124.874:WARNING:page_discarding_helper.cc(138)] Discarding multiple pages with target (kb): 0
[11912:12080:0421/200130.183:WARNING:page_discarding_helper.cc(138)] Discarding multiple pages with target (kb): 0
[11912:12080:0421/200135.191:WARNING:page_discarding_helper.cc(138)] Discarding multiple pages with target (kb): 0
[11912:12080:0421/200140.191:WARNING:page_discarding_helper.cc(138)] Discarding multiple pages with target (kb): 0
[11912:12080:0421/200220.245:WARNING:page_discarding_helper.cc(138)] Discarding multiple pages with target (kb): 0
[11912:12080:0421/200225.245:WARNING:page_discarding_helper.cc(138)] Discarding multiple pages with target (kb): 0
[11912:12080:0421/200230.248:WARNING:page_discarding_helper.cc(138)] Discarding multiple pages with target (kb): 0
[11912:12080:0421/200758.265:WARNING:page_discarding_helper.cc(138)] Discarding multiple pages with target (kb): 0
[11912:12080:0421/200803.289:WARNING:page_discarding_helper.cc(138)] Discarding multiple pages with target (kb): 0
[11912:12080:0421/200808.289:WARNING:page_discarding_helper.cc(138)] Discarding multiple pages with target (kb): 0
[11912:12080:0421/200818.357:WARNING:page_discarding_helper.cc(138)] Discarding multiple pages with target (kb): 0
[11912:3496:0421/201549.910:ERROR:cast_crl.cc(443)] CRL - Verification failed.
[11912:3496:0421/210010.007:ERROR:cast_crl.cc(443)] CRL - Verification failed.
[11912:3496:0421/210010.051:ERROR:cast_crl.cc(443)] CRL - Verification failed.
[11912:3496:0421/212037.647:ERROR:cast_crl.cc(443)] CRL - Verification failed.
[11912:12080:0421/212554.019:WARNING:pref_notifier_impl.cc(41)] Pref observer for media_router.cast_allow_all_ips found at shutdown.
